// Jest Snapshot v1, https://goo.gl/fbAQLP

exports[`Render Table with no errors Render Table items correctly 1`] = `
<div
  class="sc-gsDKAQ YHamg"
>
  <table
    class="ui celled fixed sortable table"
  >
    <thead
      class=""
    >
      <tr
        class=""
      >
        <th
          class=""
        >
          Test.Title Column
        </th>
        <th
          class=""
        >
          Test.Category Column
        </th>
        <th
          class=""
        >
          Test.Price Column
        </th>
      </tr>
    </thead>
    <tbody
      class=""
    >
      <tr
        class=""
      >
        <td
          class=""
        >
          <h4
            class="ui image header"
          >
            <img
              class="ui medium rounded image"
              src="https://fakestoreapi.com/img/81fPKd-2AYL._AC_SL1500_.jpg"
            />
            <div
              class="content"
            >
              Product test 1
              <div
                class="sub header"
              >
                men's clothing
              </div>
            </div>
          </h4>
        </td>
        <td
          class=""
        >
          men's clothing
        </td>
        <td
          class=""
        >
          109.95
        </td>
      </tr>
    </tbody>
  </table>
  <div
    class="sc-bdvvtL dGibiM"
  />
</div>
`;

exports[`Render Table with no errors Render Tableitems correctly 1`] = `
<div
  class="sc-gsDKAQ YHamg"
>
  <table
    class="ui celled fixed sortable table"
  >
    <thead
      class=""
    >
      <tr
        class=""
      >
        <th
          class=""
        >
          Test.Title Column
        </th>
        <th
          class=""
        >
          Test.Category Column
        </th>
        <th
          class=""
        >
          Test.Price Column
        </th>
      </tr>
    </thead>
    <tbody
      class=""
    >
      <tr
        class=""
      >
        <td
          class=""
        >
          <h4
            class="ui image header"
          >
            <img
              class="ui medium rounded image"
              src="https://fakestoreapi.com/img/81fPKd-2AYL._AC_SL1500_.jpg"
            />
            <div
              class="content"
            >
              Product test 1
              <div
                class="sub header"
              >
                men's clothing
              </div>
            </div>
          </h4>
        </td>
        <td
          class=""
        >
          men's clothing
        </td>
        <td
          class=""
        >
          109.95
        </td>
      </tr>
    </tbody>
  </table>
  <div
    class="sc-bdvvtL dGibiM"
  />
</div>
`;
